// Jest Snapshot v1, https://goo.gl/fbAQLP

exports[`render correctly carousel components renders 1`] = `ShallowWrapper {}`;
