// Jest Snapshot v1, https://goo.gl/fbAQLP

exports[`render correctly card carousel components renders 1`] = `ShallowWrapper {}`;
