// Jest Snapshot v1, https://goo.gl/fbAQLP

exports[`render correctly not found pages renders 1`] = `ShallowWrapper {}`;
