// Jest Snapshot v1, https://goo.gl/fbAQLP

exports[`render correctly onboarding components renders 1`] = `ShallowWrapper {}`;
