// Jest Snapshot v1, https://goo.gl/fbAQLP

exports[`render correctly private components renders 1`] = `ShallowWrapper {}`;
