// Jest Snapshot v1, https://goo.gl/fbAQLP

exports[`render correctly rating pages components conditional renders if rating === 0 1`] = `ShallowWrapper {}`;

exports[`render correctly rating pages components conditional renders if rating > 0 1`] = `ShallowWrapper {}`;
