// Jest Snapshot v1, https://goo.gl/fbAQLP

exports[`render correctly render Arrow components renders 1`] = `ShallowWrapper {}`;
