// Jest Snapshot v1, https://goo.gl/fbAQLP

exports[`render correctly render document components renders 1`] = `ShallowWrapper {}`;
