// Jest Snapshot v1, https://goo.gl/fbAQLP

exports[`render correctly text messages components renders 1`] = `ShallowWrapper {}`;
