// Jest Snapshot v1, https://goo.gl/fbAQLP

exports[`render correctly layout components renders 1`] = `ShallowWrapper {}`;

exports[`render correctly layout components renders with data selector 1`] = `ShallowWrapper {}`;
